*****************************
***********SYSTEM************
*****************************
Unity Version:2022.3.11f1
OS:Windows 11  (10.0.22621) 64bit
System Time: 20/11/2023 8:43:16 PM

*****************************
***********PROJECT***********
*****************************
Scripting Define Symbols: USE_INPUT_SYSTEM_POSE_CONTROL;C3D_DEFAULT
Packages:
  com.unity.collab-proxy 2.1.0
  com.unity.feature.vr 1.0.0
  com.unity.ide.rider 3.0.25
  com.unity.ide.visualstudio 2.0.21
  com.unity.ide.vscode 1.2.5
  com.unity.polybrush 1.1.5
  com.unity.probuilder 5.1.1
  com.unity.render-pipelines.universal 14.0.9
  com.unity.shadergraph 14.0.9
  com.unity.test-framework 1.1.33
  com.unity.textmeshpro 3.0.6
  com.unity.timeline 1.7.5
  com.unity.ugui 1.0.0
  com.unity.visualscripting 1.9.1
  com.unity.xr.hands 1.3.0
  com.unity.xr.interaction.toolkit 2.5.2
  com.unity.xr.management 4.4.0
  com.unity.xr.oculus 4.1.1
  com.unity.xr.openxr 1.8.2
  com.unity.modules.ai 1.0.0
  com.unity.modules.androidjni 1.0.0
  com.unity.modules.animation 1.0.0
  com.unity.modules.assetbundle 1.0.0
  com.unity.modules.audio 1.0.0
  com.unity.modules.cloth 1.0.0
  com.unity.modules.director 1.0.0
  com.unity.modules.imageconversion 1.0.0
  com.unity.modules.imgui 1.0.0
  com.unity.modules.jsonserialize 1.0.0
  com.unity.modules.particlesystem 1.0.0
  com.unity.modules.physics 1.0.0
  com.unity.modules.physics2d 1.0.0
  com.unity.modules.screencapture 1.0.0
  com.unity.modules.terrain 1.0.0
  com.unity.modules.terrainphysics 1.0.0
  com.unity.modules.tilemap 1.0.0
  com.unity.modules.ui 1.0.0
  com.unity.modules.uielements 1.0.0
  com.unity.modules.umbra 1.0.0
  com.unity.modules.unityanalytics 1.0.0
  com.unity.modules.unitywebrequest 1.0.0
  com.unity.modules.unitywebrequestassetbundle 1.0.0
  com.unity.modules.unitywebrequestaudio 1.0.0
  com.unity.modules.unitywebrequesttexture 1.0.0
  com.unity.modules.unitywebrequestwww 1.0.0
  com.unity.modules.vehicles 1.0.0
  com.unity.modules.video 1.0.0
  com.unity.modules.vr 1.0.0
  com.unity.modules.wind 1.0.0
  com.unity.modules.xr 1.0.0
  com.cognitive3d.c3d-sdk 1.3.7
SDK Version: 1.3.7
Api Key: ****GL5Q
Developer Key: ****AYJE
Enable Logging: True
Enable Development Logging: False
Gaze Type: Physics
Snapshot Interval: 0.1
Dynamic Object Search in Parent: True
Dynamic Object Layer Mask: -1
Track GPS Location: False
GPS Accuracy: 2
Record Floor Position: True
Automatic Send Timer: 10
Gaze Snapshot Batch Size: 64
Event Snapshot Batch Size: 64
Dynamic Snapshot Batch Size: 128
Sensor Snapshot Batch Size: 128
Fixation Snapshot Batch Size: 64
Save Data to Local Cache if no internet connection: True
Cache Size (bytes): 104857600
Cache Size (mb): 100.0 MB
Custom Protocol: https
Custom Gateway: data.cognitive3d.com
Custom Viewer: viewer.cognitive3d.com/scene/
Custom Dashboard: app.cognitive3d.com
Texture Export Quality: 1
Export Lowest LOD from LODGroup Components: True
Scene Settings:
  └─TheCaveRig2
     ├─Scene Id: 
     ├─Scene Path: Assets/TheCaveRig2.unity
     ├─Last Revision: 
     ├─Version Number: 0
     └─Version Id: 0

*****************************
********CURRENT SCENE********
*****************************
Scene Name: TheCaveRig2
Scene Id: 
Scene Path: Assets/TheCaveRig2.unity
Last Revision: 
Version Number: 0
Version Id: 0
Scene Size (mb): 0.21
Main Camera GameObject: Main Camera
Manager Initialize On Start: True
Manager Startup Delay Time (s): 0

*****************************
****CURRENT SCENE OBJECTS****
*****************************
Dynamic Object Count: 2
  ├─Right Hand
  │  ├─Mesh Name: right_hand
  │  ├─Has Collider: false
  │  ├─Has Children: true
  │  └─Has Child Colliders: true
  └─Left Hand
     ├─Mesh Name: left_hand
     ├─Has Collider: false
     ├─Has Children: true
     └─Has Child Colliders: true

*****************************
********EXPORT FOLDER********
*****************************
/Cognitive3D_SceneExplorerExport (0mb)
   /Dynamic (0.00mb)
   /TheCaveRig2 (0.21mb)
      371857150DrawingCanvasMain.png (0.00mb)
      371857150ExceptionLogMain.png (0.00mb)
      371857150HeaderMain.png (0.01mb)
      371857150HeadingMain.png (0.02mb)
      371857150InformationLogMain.png (0.00mb)
      371857150Menu_CanvasMain.png (0.00mb)
      371857150Touchpad_FlatMain.png (0.00mb)
      371857150WarningLogMain.png (0.00mb)
      371857150Wrist_Button_UIMain.png (0.00mb)
      scene.bin (0.09mb)
      scene.gltf (0.06mb)
      settings.json (0.00mb)
